// Jest Snapshot v1, https://goo.gl/fbAQLP

exports[`App CharacterDetailItem renders App 1`] = `
<DocumentFragment>
  <figure>
    <img
      src="image"
    />
    <figcaption>
      <h2>
        name
      </h2>
      <p>
        species
      </p>
      <p>
        status
      </p>
    </figcaption>
    <button>
      Back
    </button>
  </figure>
</DocumentFragment>
`;
